SELECT  ID ,  ID ,  ID  FROM  ID  WHERE  ID = STRING_SQ EOF 
SELECT  *  FROM  ID  WHERE  ID = STRING_SQ  ORDER  BY  ID EOF 
SELECT  *  FROM  ID  WHERE  ID = ?  AND  ID = ?  AND  ID ( ID )  LIKE  ?  AND  ID = STRING_SQ  EOF 
SELECT  ID ,  ID  FROM  ID  WHERE  ID = ?  AND  ID = STRING_SQ  ORDER  BY  NUMBER EOF 
SELECT  ID ,  ID  FROM  ID  WHERE  ID = ?  AND  ID = STRING_SQ  EOF 
SELECT  ID . ID , ID . ID , ID . ID , ID . ID , ID . ID , ID . ID  EOF 
SELECT  ID  FROM  ID  ID  WHERE  ID = STRING_SQ  ORDER  BY  ID EOF 
SELECT  ID , ID , ID  FROM  ID . ID EOF 
SELECT  *  FROM  ID  ID  WHERE  EXISTS  ( SELECT  *  FROM  ID  ID  EOF 
SELECT  ID ,  ID  FROM  ID  WHERE  ID = ? EOF 
SELECT  ID  FROM  ID  WHERE  ID = STRING_SQ  ORDER  BY  ID  DESC EOF 
SELECT  ID . ID ,  ID . ID  FROM  ID  ID  EOF 
SELECT  *  FROM  ID  WHERE  ID = STRING_SQ  AND  ID = STRING_SQ  AND  ID = STRING_SQ EOF 
SELECT  *  FROM  ID EOF 
SELECT  ID  FROM  ID  WHERE  ID = ?  AND  ID = STRING_SQ  AND  ID = ? EOF 
SELECT  *  FROM  ID  WHERE  ID = ?  AND  ID = ?  AND  ID = ? EOF 
SELECT  ID ,  ID ,  ID ,  ( SELECT  ID ( ID )  FROM  ID  ID  WHERE  ID . ID = ID . ID ) ,  ID  EOF 
SELECT  ID ,  ID ,  ID ,  ID ,  ID ,  ID  FROM  ID  FOR  UPDATE EOF 
SELECT  ID ,  ID ,  ID  FROM  ID EOF 
SELECT  *  FROM  ID  WHERE  ID = STRING_SQ EOF 
SELECT  *  FROM  ID  ID  WHERE  ID . ID  =  ?  EOF 
SELECT  ID  FROM  ID  ID  WHERE  ID . ID  IN  ( SELECT  ID  FROM  ID  ID  EOF 
SELECT  ID . ID  FROM  ID  ID EOF 
SELECT  *  FROM  ID  WHERE  ID ( ID ) = ? EOF 
SELECT  *  FROM  ID  WHERE  ID = ?  AND  ID = ?  AND  ID = ?  AND  ID = ?  AND  ID = ?  AND  ID = ?  EOF 
SELECT  *  FROM  ID  WHERE  ID = ?  AND  ID = STRING_SQ EOF 
SELECT  ID ( * )  FROM  ID  ID EOF 
SELECT  ID  FROM  ID  WHERE  ID  LIKE  STRING_SQ  ORDER  BY  NUMBER EOF 
SELECT  ID ,  ID ,  ID  FROM  ID  WHERE  ID = ? EOF 
SELECT  *  FROM  ID  WHERE  ID = ?  AND  ID = ?  AND  ID = STRING_SQ EOF 
SELECT  DISTINCT  ID ,  ID  FROM  ID EOF 
SELECT  *  FROM  ID  ID  WHERE  ID . ID  LIKE  ? EOF 
SELECT  ID . ID , ID . ID  FROM  ID  ID  EOF 
SELECT  ID  FROM  ID  EOF 
SELECT  ID . ID , ID . ID , ID . ID , ID . ID  FROM  ID  ID  INNER  JOIN  ID  ID  ON  ( ID . ID = ID . ID )  EOF 
SELECT  DISTINCT  ID  FROM  ID EOF 
SELECT  ID . ID ,  ID . ID ,  ID . ID ,  ID . ID ,  ID . ID  FROM  ID  ID EOF 
SELECT  ID  FROM  ID  WHERE  ID = ?  AND  ID NE ?  AND  ID = STRING_SQ EOF 
SELECT  *  FROM  ID  WHERE  ID = ?  AND  ID = ? EOF 
SELECT  ID ( DISTINCT  ( ID . ID ) )  AS  ID  FROM  ID  ID EOF 
SELECT  *  FROM  ID  WHERE  ID = STRING_SQ  AND  ID = STRING_SQ  AND  ID NE NUMBER  ORDER  BY  ID  DESC EOF 
SELECT  ID . ID ,  ID . ID ,  ID . ID ,  ID . ID  FROM  ID  ID EOF 
SELECT  *  FROM  ID  WHERE  ID = ?  ORDER  BY  ID , ID , ID EOF 
SELECT  ID . ID , ID . ID , ID . ID ,  ID . ID , ID . ID , ID . ID , ID . ID ,  ID . ID , ID . ID ,  EOF 
SELECT  ID  FROM  ID  ID  EOF 
SELECT  ID ,  ID  FROM  ID  WHERE  ID = ?  AND  ID = STRING_SQ EOF 
SELECT  *  FROM  ID  WHERE  ID = ? EOF 
SELECT  ID ( * )  FROM  ID  ID  WHERE  ID . ID = ?  AND  ID . ID = STRING_SQ EOF 
SELECT  ID . ID ,  ID . ID  FROM  ID  ID  AND  ID . ID = ? EOF 
SELECT  *  FROM  ID  WHERE  ID = ?  AND  ID = ?  AND  ID = STRING_SQ  AND  ID = ? EOF 
INSERT  INTO  ID ( ID ,  ID )  VALUES ( ? , ? ) EOF 
SELECT  ID . ID , ID . ID ,  ID . ID  FROM  ID  ID  INNER  JOIN  ID  ID  ON  ( ID . ID = ID . ID )  EOF 
SELECT  *  FROM  ID  WHERE  ID = ?  AND  ID = ?  ORDER  BY  ID EOF 
SELECT  DISTINCT  ID ,  ID  FROM  ID  ID  EOF 
SELECT  *  FROM  ID  ID  WHERE  ID  IN  ( SELECT  ID  FROM  ID  WHERE  ID = ? ) EOF 
SELECT  ID  FROM  ID  WHERE  ID = ?  AND  ID = ? EOF 
SELECT  ID ,  ID  FROM  ID  WHERE  ID ( ID ) = ? EOF 
SELECT  *  FROM  ID  ID  WHERE  ID = STRING_SQ EOF 
SELECT  ID ,  ID  FROM  ID  EOF 
SELECT  ID  FROM  ID  WHERE  ID ( ID )  =  ? EOF 
SELECT  ID , ID , ID , ID  FROM  ID  WHERE  ID  LIKE  ? EOF 
SELECT  DISTINCT  ID . ID ,  ID . ID ,  ID . ID ,  ID . ID ,  ID . ID ,  ID . ID ,  ID . ID ,  ID . ID  INNER  JOIN  ID  ID  ON  ( ID . ID = ID . ID )  LEFT  OUTER  JOIN  ID  ID  ON  ( ID . ID = ID . ID )  LEFT  OUTER  JOIN  ID  ID  ON  ( ID . ID = ID . ID ) WHERE  ID . ID  =  ?  AND  ID . ID  NE  ? EOF 
SELECT  ID ,  ID ,  ID ,  ID ,  ID ,  ID  FROM  ID  ORDER  BY  ID  DESC  FOR  UPDATE EOF 
SELECT  *  FROM  ID  ID  WHERE  ID . ID = STRING_SQ EOF 
SELECT  ID ( * )  FROM  ID  WHERE  ID = ? EOF 
SELECT  ID . ID ,  ID . ID  FROM  ID  ID  INNER  JOIN  ID  ID  ON  ( ID . ID = ID . ID )  EOF 
SELECT  ID . ID , ID . ID , ID . ID  FROM  ID  ID ,  ID  ID EOF 
SELECT  ID ,  ID . ID  FROM  ID  ID EOF 
SELECT  ID . ID ,  ID . ID  FROM  ID  ID ,  ID  ID  WHERE  ID . ID = ID . ID  AND  ID ( ID . ID ) = ?  EOF 
SELECT  ID ,  ID ,  ID  FROM  ID  WHERE  ID NE STRING_SQ  AND  ID = STRING_SQ EOF 
SELECT  ID ,  ID ,  ID  FROM  ID  WHERE  ID = ?  AND  ID = STRING_SQ EOF 
SELECT  ID . ID ,  ID . ID  FROM  ID  ID EOF 
SELECT  *  FROM  ID  WHERE  ID = ?  AND  ID  BETWEEN  ?  AND  ?  ORDER  BY  ID EOF 
SELECT  ID . ID ,  ID . ID , ID . ID ,  ID . ID , ID . ID , EOF 
SELECT  ID . ID ,  ID . ID ,  ID . ID  FROM  ID  ID ,  ID  ID  EOF 
SELECT  ID ,  ID ,  ID ,  ID ,  ID  FROM  ID  EOF 
SELECT  ID  FROM  ID  ID  WHERE  ID = STRING_SQ  AND  ID = ?  ORDER  BY  ID EOF 
SELECT  ID ,  ID  FROM  ID  WHERE  ID = STRING_SQ  ORDER  BY  NUMBER EOF 
SELECT  *  FROM  ID  WHERE  ID = ?  ORDER  BY  ID EOF 
SELECT  *  FROM  ID  WHERE  ID = ?  ORDER  BY  ID ,  ID EOF 
SELECT  ID  FROM  ID  WHERE  ID = ? EOF 
SELECT  DISTINCT  ID . ID ,  ID . ID ,  ID . ID , ID . ID  EOF 
SELECT  *  FROM  ID  ORDER  BY  ID EOF 
SELECT  *  FROM  ID  WHERE  ID = STRING_SQ  EOF 
SELECT  *  FROM  ID  WHERE  ID = ?  AND  ID = STRING_SQ  ORDER  BY  ID EOF 
SELECT  ID . ID ,  ID . ID ,  ID . ID ,  ID . ID  FROM  ID  ID  EOF 
SELECT  ID ,  ID  FROM  ID  WHERE  ID  IN ( ? ,  NUMBER )  AND  ID = ?  AND  ID = STRING_SQ  AND  ID = STRING_SQ  EOF 
SELECT  ID  FROM  ID  WHERE  ID = ?  AND  ID = ?  AND  ID = STRING_SQ  EOF 
SELECT  ID  FROM  ID  ID  WHERE  ID . ID  LIKE  ? EOF 
SELECT  ID ,  ID ,  ID ,  ID ,  ID ,  ID ,  ID  FROM  ID  EOF 
SELECT  ID  FROM  ID EOF 
SELECT  ID . ID , ID . ID , ID . ID  FROM  ID  ID ,  ID  ID  EOF 
SELECT  ID ,  ID . ID  FROM  ID  ID ,  ID  ID  EOF 
SELECT  ID ( * )  FROM  ID EOF 
SELECT  ID . ID  FROM  ID  ID  WHERE  ID . ID = STRING_SQ EOF 
SELECT  ID . ID , ID . ID , ID . ID , ID . ID , ID . ID , EOF 
SELECT  ID . ID  FROM  ID  ID  INNER  JOIN  ID  ID  ON  ( ID . ID = ID . ID )  EOF 
SELECT  ID ,  ID  FROM  ID  ID  EOF 
SELECT  ID ,  ID ,  ID ,  ID  FROM  ID  EOF 
SELECT  ID . ID , ID . ID , ID . ID , ID . ID  FROM  ID  ID ,  ID  ID ,  ID  ID ,  ID  ID  EOF 
SELECT  DISTINCT  ID . ID ,  ID . ID ,  ID . ID ,  ID . ID ,  ID . ID ,  ID . ID ,  ID . ID ,  ID . ID  INNER  JOIN  ID  ID  ON  ( ID . ID = ID . ID  AND  ID . ID = ? )  LEFT  OUTER  JOIN  ID  ID  ON  ( ID . ID = ID . ID  AND  ID . ID = ? )  LEFT  OUTER  JOIN  ID  ID  ON  ( ID . ID = ID . ID  AND  ID . ID = ? ) WHERE  ID . ID  =  ?  AND  ID . ID  NE  ? EOF 
SELECT  ID  FROM  ID  WHERE  ID ( ID ) = ? EOF 
