SELECT[SELECT] [ ] *[*] [ ] FROM[FROM] [ ] ID[M_CostElement] [ ] WHERE[WHERE] [ ] ID[AD_Client_ID] =[=] ?[?] [ ] AND[AND] [ ] ID[CostingMethod] =[=] ?[?] [ ] ORDER[ORDER] [ ] BY[BY] [ ] ID[AD_Org_ID] EOF[] 
SELECT[SELECT] [ ] ID[AD_Workflow_ID] ,[,] [ ] ID[IsReadWrite] [ ] FROM[FROM] [ ] ID[AD_Workflow_Access] [ ] WHERE[WHERE] [ ] ID[AD_Role_ID] =[=] ?[?] [ ] AND[AND] [ ] ID[IsActive] =[=] STRING_SQ['Y'] EOF[] 
SELECT[SELECT] [ ] DISTINCT[DISTINCT] [ ] ID[r] .[.] ID[UserLevel] ,[,] [ ] ID[r] .[.] ID[ConnectionProfile] ,[,] [  ] ID[c] .[.] ID[AD_Client_ID] ,[,] ID[c] .[.] ID[Name] [ ] EOF[] 
SELECT[SELECT] [ ] *[*] [ ] FROM[FROM] [ ] ID[AD_AssignSet] [ ] WHERE[WHERE] [ ] ID[IsActive] =[=] STRING_SQ['Y'] EOF[] 
SELECT[SELECT] [ ] *[*] [ ] FROM[FROM] [ ] ID[AD_Table_Access] [ ] WHERE[WHERE] [ ] ID[AD_Role_ID] =[=] ?[?] [ ] AND[AND] [ ] ID[IsActive] =[=] STRING_SQ['Y'] EOF[] 
SELECT[SELECT] [ ] *[*] [ ] FROM[FROM] [ ] ID[R_IssueProject] [ ] WHERE[WHERE] [ ] ID[Name] =[=] ?[?] EOF[] 
SELECT[SELECT] [ ] ID[c] .[.] ID[AD_Column_ID] ,[,] ID[c] .[.] ID[ColumnName] ,[,] ID[t] .[.] ID[TableName] [ ] FROM[FROM] [ ] ID[AD_Column] [ ] ID[c] ,[,] [ ] ID[AD_Table] [ ] ID[t] [ ] EOF[] 
SELECT[SELECT] [ ] *[*] [ ] FROM[FROM] [ ] ID[AD_UserBPAccess] [ ] WHERE[WHERE] [ ] ID[AD_User_ID] =[=] ?[?] [ ] AND[AND] [ ] ID[IsActive] =[=] STRING_SQ['Y'] EOF[] 
INSERT[INSERT] [ ] INTO[INTO] [ ] ID[X_Test] ([(] ID[Text1] ,[,] [ ] ID[Text2] )[)] [ ] VALUES[values] ([(] ?[?] ,[,] ?[?] )[)] EOF[] 
SELECT[SELECT] [ ] *[*] [ ] FROM[FROM] [ ] ID[AD_Language] [ ] WHERE[WHERE] [ ] ID[LanguageISO] =[=] ?[?] EOF[] 
SELECT[SELECT] [ ] *[*] [ ] FROM[FROM] [ ] ID[C_AcctSchema_Default] [ ] WHERE[WHERE] [ ] ID[C_AcctSchema_ID] =[=] ?[?] EOF[] 
SELECT[SELECT] [ ] ID[C_ValidCombination_ID] ,[,] [ ] ID[Combination] ,[,] [ ] ID[Description] [ ] FROM[FROM] [ ] ID[C_ValidCombination] [ ] WHERE[WHERE] [ ] ID[C_ValidCombination_ID] =[=] ?[?] EOF[] 
SELECT[SELECT] [ ] *[*] [ ] FROM[FROM] [ ] ID[AD_Language] [ ] WHERE[WHERE] [ ] ID[AD_Language_ID] =[=] ?[?] EOF[] 
SELECT[SELECT] [ ] ID[t] .[.] ID[AD_Window_ID] ,[,] ID[t] .[.] ID[PO_Window_ID] [ ] FROM[FROM] [ ] ID[AD_Table] [ ] ID[t] [ ] EOF[] 
SELECT[SELECT] [ ] *[*] [ ] FROM[FROM] [ ] ID[AD_Process_Para] [ ] WHERE[WHERE] [ ] ID[AD_Process_ID] =[=] ?[?] [ ] ORDER[ORDER] [ ] BY[BY] [ ] ID[SeqNo] EOF[] 
SELECT[SELECT] [ ] ID[ColumnName] [ ] FROM[FROM] [ ] ID[AD_Column] [ ] EOF[] 
SELECT[SELECT] [ ] *[*] [ ] FROM[FROM] [ ] ID[AD_TreeNodeCMT] [ ] WHERE[WHERE] [ ] ID[AD_Tree_ID] =[=] ?[?] [ ] ORDER[ORDER] [ ] BY[BY] [ ] ID[Node_ID] EOF[] 
SELECT[SELECT] [ ] *[*] [ ] FROM[FROM] [ ] ID[AD_Role] [ ] WHERE[WHERE] [ ] ID[AD_Client_ID] =[=] ?[?] EOF[] 
SELECT[SELECT] [ ] *[*] [ ] FROM[FROM] [ ] ID[AD_UserQueryLine] [ ] WHERE[WHERE] [ ] ID[AD_UserQuery_ID] =[=] ?[?] [ ] ORDER[ORDER] [ ] BY[BY] [ ] ID[SeqNo] EOF[] 
SELECT[SELECT] [ ] *[*] [ ] FROM[FROM] [ ] ID[C_ValidCombination] [ ] WHERE[WHERE] [ ] ID[C_AcctSchema_ID] =[=] ?[?] [ ] AND[AND] [ ] ID[Alias] =[=] ?[?] EOF[] 
SELECT[SELECT] [ ] *[*] [ ] FROM[FROM] [ ] ID[AD_Message] [ ] WHERE[WHERE] [ ] ID[Value] =[=] ?[?] EOF[] 
SELECT[SELECT] [ ] *[*] [ ] FROM[FROM] [ ] ID[AD_TreeNodeCMS] [ ] WHERE[WHERE] [ ] ID[AD_Tree_ID] =[=] ?[?] [ ] ORDER[ORDER] [ ] BY[BY] [ ] ID[Node_ID] EOF[] 
SELECT[SELECT] [ ] *[*] [ ] FROM[FROM] [ ] ID[AD_Client] EOF[] 
SELECT[SELECT] [ ] ID[AD_Table_ID] ,[,] [ ] ID[TableName] [ ] FROM[FROM] [ ] ID[AD_Table] [ ] WHERE[WHERE] [ ] ID[IsView] =[=] STRING_SQ['N'] [ ] ORDER[ORDER] [ ] BY[BY] [ ] NUMBER[2] EOF[] 
SELECT[SELECT] [ ] ID[M_Warehouse_ID] ,[,] [ ] ID[Name] [ ] FROM[FROM] [ ] ID[M_Warehouse] [ ] WHERE[WHERE] [ ] ID[AD_Org_ID] =[=] ?[?] [ ] AND[AND] [ ] ID[IsActive] =[=] STRING_SQ['Y'] [ ] EOF[] 
SELECT[SELECT] [ ] *[*] [ ] FROM[FROM] [ ] ID[AD_User] [ ] WHERE[WHERE] [ ] ID[EMail] =[=] ?[?] [ ] AND[AND] [ ] ID[AD_Client_ID] =[=] ?[?] EOF[] 
SELECT[SELECT] [ ] *[*] [ ] FROM[FROM] [ ] ID[AD_UserDef_Field] [ ] WHERE[WHERE] [ ] ID[AD_UserDef_Tab_ID] =[=] ?[?] EOF[] 
SELECT[SELECT] [ ] *[*] [ ] FROM[FROM] [ ] ID[AD_Language] [ ] WHERE[WHERE] [ ] ID[AD_Language] =[=] ?[?] EOF[] 
SELECT[SELECT] [ ] *[*] [ ] FROM[FROM] [ ] ID[AD_Process] [ ] ID[p] [ ] WHERE[WHERE] [ ] ID[p] .[.] ID[Value] [ ] LIKE[LIKE] [ ] ?[?] EOF[] 
SELECT[SELECT] [ ] ID[ip] .[.] ID[ParameterName] ,[,] ID[ip] .[.] ID[P_String] ,[,] ID[ip] .[.] ID[P_String_To] ,[,] [ ] ID[ip] .[.] ID[P_Number] ,[,] ID[ip] .[.] ID[P_Number_To] ,[,] ID[ip] .[.] ID[P_Date] ,[,] ID[ip] .[.] ID[P_Date_To] ,[,] [ ] ID[ip] .[.] ID[Info] ,[,] ID[ip] .[.] ID[Info_To] ,[,] [ ] EOF[] 
SELECT[SELECT] [ ] ID[C_AcctSchema_ID] [ ] FROM[FROM] [ ] ID[C_AcctSchema] [ ] ID[acs] [ ] WHERE[WHERE] [ ] ID[IsActive] =[=] STRING_SQ['Y'] [ ] ORDER[ORDER] [ ] BY[BY] [ ] ID[C_AcctSchema_ID] EOF[] 
SELECT[SELECT] [ ] ID[count] ([(] *[*] )[)] [ ] FROM[FROM] [ ] ID[AD_Table] [ ] ID[t] EOF[] 
SELECT[SELECT] [ ] *[*] [ ] FROM[FROM] [ ] ID[AD_TreeNodeBP] [ ] WHERE[WHERE] [ ] ID[AD_Tree_ID] =[=] ?[?] [ ] AND[AND] [ ] ID[Node_ID] =[=] ?[?] EOF[] 
SELECT[SELECT] [ ] *[*] [ ] FROM[FROM] [ ] ID[M_Locator] [ ] ID[l] [ ] WHERE[WHERE] [ ] ID[IsDefault] =[=] STRING_SQ['Y'] EOF[] 
SELECT[SELECT] [ ] ID[AD_Client_ID] ,[,] [ ] ID[AD_Table_ID] ,[,] [ ] ID[ShareType] [ ] FROM[FROM] [ ] ID[AD_ClientShare] [ ] WHERE[WHERE] [ ] ID[ShareType] NE[<>] STRING_SQ['x'] [ ] AND[AND] [ ] ID[IsActive] =[=] STRING_SQ['Y'] EOF[] 
SELECT[SELECT] [ ] ID[c] .[.] ID[ColumnName] ,[,] ID[c] .[.] ID[IsTranslated] ,[,] ID[c] .[.] ID[AD_Reference_ID] ,[,] ID[c] .[.] ID[AD_Reference_Value_ID] [ ] FROM[FROM] [ ] ID[AD_Table] [ ] ID[t] [ ] INNER[INNER] [ ] JOIN[JOIN] [ ] ID[AD_Column] [ ] ID[c] [ ] ON[ON] [ ] ([(] ID[t] .[.] ID[AD_Table_ID] =[=] ID[c] .[.] ID[AD_Table_ID] )[)] [ ] EOF[] 
SELECT[SELECT] [ ] *[*] [ ] FROM[FROM] [ ] ID[C_DocType] [ ] WHERE[WHERE] [ ] ID[AD_Client_ID] =[=] ?[?] EOF[] 
SELECT[SELECT] [ ] ID[c] .[.] ID[ColumnName] ,[,] ID[c] .[.] ID[IsTranslated] ,[,] ID[c] .[.] ID[AD_Reference_ID] ,[,] ID[c] .[.] ID[AD_Reference_Value_ID] ,[,] ID[t] .[.] ID[AD_Window_ID] ,[,] ID[t] .[.] ID[PO_Window_ID] [ ] EOF[] 
SELECT[SELECT] [ ] *[*] [ ] FROM[FROM] [ ] ID[AD_PInstance_Para] [ ] WHERE[WHERE] [ ] ID[AD_PInstance_ID] =[=] ?[?] EOF[] 
SELECT[SELECT] [ ] ID[c] .[.] ID[Name] ,[,] [ ] ID[o] .[.] ID[Name] [ ] FROM[FROM] [ ] ID[AD_Client] [ ] ID[c] [ ] INNER[INNER] [ ] JOIN[JOIN] [ ] ID[AD_Org] [ ] ID[o] [ ] ON[ON] [ ] ([(] ID[c] .[.] ID[AD_Client_ID] =[=] ID[o] .[.] ID[AD_Client_ID] )[)] [ ] EOF[] 
SELECT[SELECT] [ ] *[*] [ ] FROM[FROM] [ ] ID[AD_TreeNodeMM] [ ] WHERE[WHERE] [ ] ID[AD_Tree_ID] =[=] ?[?] [ ] AND[AND] [ ] ID[Node_ID] =[=] ?[?] EOF[] 
SELECT[SELECT] [ ] *[*] [ ] FROM[FROM] [ ] ID[M_Warehouse] [ ] WHERE[WHERE] [ ] ID[AD_Org_ID] =[=] ?[?] [ ] ORDER[ORDER] [ ] BY[BY] [ ] ID[Created] EOF[] 
SELECT[SELECT] [ ] *[*] [ ] FROM[FROM] [ ] ID[AD_AssignTarget] [ ] WHERE[WHERE] [ ] ID[AD_AssignSet_ID] =[=] ?[?] [ ] ORDER[ORDER] [ ] BY[BY] [ ] ID[SeqNo] EOF[] 
SELECT[SELECT] [ ] ID[COUNT] ([(] DISTINCT[DISTINCT] [ ] ([(] ID[u] .[.] ID[AD_User_ID] )[)] )[)] [ ] AS[AS] [ ] ID[iu] [ ] FROM[FROM] [ ] ID[AD_User] [ ] ID[u] EOF[] 
SELECT[SELECT] [ ] ID[m] .[.] ID[Value] ,[,] [ ] ID[t] .[.] ID[MsgText] ,[,] [ ] ID[t] .[.] ID[MsgTip] [ ] FROM[FROM] [ ] ID[AD_Message_Trl] [ ] ID[t] ,[,] [ ] ID[AD_Message] [ ] ID[m] [ ] EOF[] 
SELECT[SELECT] [ ] ID[AD_Table_ID] ,[,] [ ] ID[TableName] [ ] FROM[FROM] [ ] ID[AD_Table] [ ] ID[t] [ ] EOF[] 
SELECT[SELECT] [ ] ID[bvf] .[.] ID[Name] ,[,] ID[bvsm] .[.] ID[AD_BView_Source_Field_ID] ,[,] ID[c] .[.] ID[ColumnName] ,[,] ID[c] .[.] ID[AD_Reference_ID] [ ] FROM[FROM] [ ] ID[AD_BView_Source_Mapping] [  ] ID[bvsm] ,[,] [ ] ID[AD_BView_Source] [ ] ID[bvs] ,[,] [ ] ID[AD_BView_Field] [ ] ID[bvf] ,[,] [ ] ID[AD_Column] [ ] ID[c] [ ] EOF[] 
SELECT[SELECT] [ ] *[*] [ ] FROM[FROM] [ ] ID[C_AcctSchema_GL] [ ] WHERE[WHERE] [ ] ID[C_AcctSchema_ID] =[=] ?[?] EOF[] 
SELECT[SELECT] [ ] ID[AD_Process_ID] ,[,] [ ] ID[IsReadWrite] [ ] FROM[FROM] [ ] ID[AD_Process_Access] [ ] WHERE[WHERE] [ ] ID[AD_Role_ID] =[=] ?[?] [ ] AND[AND] [ ] ID[IsActive] =[=] STRING_SQ['Y'] EOF[] 
SELECT[SELECT] [ ] ID[CurrentNext] ,[,] [ ] ID[CurrentNextSys] ,[,] [ ] ID[IncrementNo] ,[,] [ ] ID[Prefix] ,[,] [ ] ID[Suffix] ,[,] [ ] ID[AD_Sequence_ID] [ ] FROM[FROM] [ ] ID[AD_Sequence] [ ] ID[FOR] [ ] ID[UPDATE] EOF[] 
SELECT[SELECT] [ ] *[*] [ ] FROM[FROM] [ ] ID[AD_Record_Access] [ ] WHERE[WHERE] [ ] ID[AD_Role_ID] =[=] ?[?] [ ] AND[AND] [ ] ID[IsActive] =[=] STRING_SQ['Y'] [ ] ORDER[ORDER] [ ] BY[BY] [ ] ID[AD_Table_ID] EOF[] 
SELECT[SELECT] [ ] *[*] [ ] FROM[FROM] [ ] ID[AD_Language] [ ] WHERE[WHERE] [ ] ID[IsSystemLanguage] =[=] STRING_SQ['Y'] [ ] AND[AND] [ ] ID[IsBaseLanguage] =[=] STRING_SQ['N'] [ ] AND[AND] [ ] ID[IsActive] =[=] STRING_SQ['Y'] EOF[] 
SELECT[SELECT] [ ] *[*] [ ] FROM[FROM] [ ] ID[AD_TreeNode] [ ] WHERE[WHERE] [ ] ID[AD_Tree_ID] =[=] ?[?] [ ] AND[AND] [ ] ID[Node_ID] =[=] ?[?] EOF[] 
SELECT[SELECT] [ ] ID[M_Product_ID] [ ] FROM[FROM] [ ] ID[M_Storage] [ ] ID[s] [ ] WHERE[WHERE] [ ] ID[s] .[.] ID[M_Locator_ID] [ ] IN[IN] [ ] ([(] SELECT[SELECT] [ ] ID[M_Locator_ID] [ ] FROM[FROM] [ ] ID[M_Locator] [ ] ID[l] [ ] EOF[] 
SELECT[SELECT] [ ] *[*] [ ] FROM[FROM] [ ] ID[M_Locator] [ ] WHERE[WHERE] [ ] ID[M_Warehouse_ID] =[=] ?[?] [ ] AND[AND] [ ] ID[X] =[=] ?[?] [ ] AND[AND] [ ] ID[Y] =[=] ?[?] [ ] AND[AND] [ ] ID[Z] =[=] ?[?] [ ] AND[AND] [ ] ID[Position] =[=] ?[?] [ ] AND[AND] [ ] ID[Bin] =[=] ?[?] [ ] EOF[] 
SELECT[SELECT] [ ] ID[ColumnName] ,[,] [ ] ID[Name] ,[,] [ ] ID[AD_Reference_ID] ,[,] [ ] ID[AD_Reference_Value_ID] [ ] FROM[FROM] [ ] ID[AD_Element] [ ] EOF[] 
SELECT[SELECT] [ ] ID[tr] .[.] ID[AD_Tree_ID] ,[,] [ ] ID[tr] .[.] ID[Name] [ ] FROM[FROM] [ ] ID[AD_Tree] [ ] ID[tr] [ ] INNER[INNER] [ ] JOIN[JOIN] [ ] ID[AD_Table] [ ] ID[tb] [ ] ON[ON] [ ] ([(] ID[tr] .[.] ID[AD_Table_ID] =[=] ID[tb] .[.] ID[AD_Table_ID] )[)] [ ] EOF[] 
SELECT[SELECT] [ ] ID[Value] ,[,] [ ] ID[MsgText] ,[,] [ ] ID[MsgTip] [ ] FROM[FROM] [ ] ID[AD_Message] EOF[] 
SELECT[SELECT] [ ] *[*] [ ] FROM[FROM] [ ] ID[AD_UserDef_Tab] [ ] WHERE[WHERE] [ ] ID[AD_UserDef_Win_ID] =[=] ?[?] EOF[] 
SELECT[SELECT] [ ] *[*] [ ] FROM[FROM] [ ] ID[AD_ViewColumn] [ ] WHERE[WHERE] [ ] ID[AD_ViewComponent_ID] =[=] ?[?] [ ] ORDER[ORDER] [ ] BY[BY] [ ] ID[AD_ViewColumn_ID] EOF[] 
SELECT[SELECT] [ ] ID[Value] ,[,] [ ] ID[Name] [ ] FROM[FROM] [ ] ID[AD_Ref_List] [ ] WHERE[WHERE] [ ] ID[AD_Reference_ID] =[=] ?[?] [ ] AND[AND] [ ] ID[IsActive] =[=] STRING_SQ['Y'] [ ] ORDER[ORDER] [ ] BY[BY] [ ] NUMBER[1] EOF[] 
SELECT[SELECT] [ ] *[*] [ ] FROM[FROM] [ ] ID[AD_TreeNodeCMM] [ ] WHERE[WHERE] [ ] ID[AD_Tree_ID] =[=] ?[?] [ ] AND[AND] [ ] ID[Node_ID] =[=] ?[?] EOF[] 
SELECT[SELECT] [ ] *[*] [ ] FROM[FROM] [ ] ID[AD_Table] [ ] WHERE[WHERE] [ ] ID[UPPER] ([(] ID[TableName] )[)] =[=] ?[?] EOF[] 
SELECT[SELECT] [ ] *[*] [ ] FROM[FROM] [ ] ID[AD_TreeNodePR] [ ] WHERE[WHERE] [ ] ID[AD_Tree_ID] =[=] ?[?] [ ] AND[AND] [ ] ID[Node_ID] =[=] ?[?] EOF[] 
SELECT[SELECT] [ ] ID[Version] [ ] FROM[FROM] [ ] ID[AD_System] EOF[] 
SELECT[SELECT] [ ] *[*] [ ] FROM[FROM] [ ] ID[AD_UserQuery] [ ] WHERE[WHERE] [ ] ID[AD_Client_ID] =[=] ?[?] [ ] AND[AND] [ ] ID[IsActive] =[=] STRING_SQ['Y'] EOF[] 
SELECT[SELECT] [ ] ID[TableName] ,[,] [ ] ID[s] .[.] ID[Name] [ ] FROM[FROM] [ ] ID[AD_Table] [ ] ID[t] ,[,] [ ] ID[AD_Sequence] [ ] ID[s] [ ] EOF[] 
SELECT[SELECT] [ ] ID[Log_ID] ,[,] [ ] ID[P_ID] ,[,] [ ] ID[P_Date] ,[,] [ ] ID[P_Number] ,[,] [ ] ID[P_Msg] [ ] FROM[FROM] [ ] ID[AD_PInstance_Log] [ ] EOF[] 
SELECT[SELECT] [ ] ID[t] .[.] ID[TableName] [ ] FROM[FROM] [ ] ID[AD_Column] [ ] ID[c] EOF[] 
SELECT[SELECT] [ ] *[*] [ ] FROM[FROM] [ ] ID[AD_Table] [ ] ID[t] [ ] WHERE[WHERE] [ ] ID[IsView] =[=] STRING_SQ['N'] EOF[] 
SELECT[SELECT] [ ] ID[c] .[.] ID[ColumnName] ,[,] [ ] ID[c] .[.] ID[AD_Reference_Value_ID] ,[,] [ ] ID[c] .[.] ID[IsParent] ,[,] [ ] ID[vr] .[.] ID[Code] [ ] FROM[FROM] [ ] ID[AD_Column] [ ] ID[c] EOF[] 
SELECT[SELECT] [ ] ID[c] .[.] ID[ColumnName] [ ] FROM[FROM] [ ] ID[AD_Column] [ ] ID[c] EOF[] 
SELECT[SELECT] [ ] ID[o] .[.] ID[AD_Org_ID] ,[,] ID[o] .[.] ID[Name] ,[,] ID[o] .[.] ID[IsSummary] [ ] FROM[FROM] [ ] ID[AD_Role] [ ] ID[r] ,[,] [ ] ID[AD_Client] [ ] ID[c] EOF[] 
SELECT[SELECT] [ ] *[*] [ ] FROM[FROM] [ ] ID[AD_Field] [ ] WHERE[WHERE] [ ] ID[AD_Tab_ID] =[=] ?[?] [ ] ORDER[ORDER] [ ] BY[BY] [ ] ID[SeqNo] EOF[] 
SELECT[SELECT] [ ] ID[a] .[.] ID[C_AcctSchema_ID] ,[,] [ ] ID[a] .[.] ID[C_Currency_ID] ,[,] [ ] ID[a] .[.] ID[HasAlias] ,[,] [ ] ID[c] .[.] ID[ISO_Code] ,[,] [ ] ID[c] .[.] ID[StdPrecision] [ ] FROM[FROM] [ ] ID[C_AcctSchema] [ ] ID[a] EOF[] 
SELECT[SELECT] [ ] ID[refC] .[.] ID[ColumnName] ,[,] [ ] ID[refC] .[.] ID[AD_Table_ID] [ ] FROM[FROM] [ ] ID[AD_Column] [ ] ID[refC] [ ] AND[AND] [ ] ID[refCol] .[.] ID[EntityType] =[=] ?[?] EOF[] 
SELECT[SELECT] [ ] *[*] [ ] FROM[FROM] [ ] ID[AD_TreeNodeCMC] [ ] WHERE[WHERE] [ ] ID[AD_Tree_ID] =[=] ?[?] [ ] ORDER[ORDER] [ ] BY[BY] [ ] ID[Node_ID] EOF[] 
SELECT[SELECT] [ ] *[*] [ ] FROM[FROM] [ ] ID[AD_Registration] [ ] WHERE[WHERE] [ ] ID[IsActive] =[=] STRING_SQ['Y'] [ ] AND[AND] [ ] ID[IsRegistered] =[=] STRING_SQ['Y'] [ ] AND[AND] [ ] ID[Record_ID] NE[!=] NUMBER[0] [ ] ORDER[ORDER] [ ] BY[BY] [ ] ID[AD_Registration_ID] [ ] DESC[DESC] EOF[] 
SELECT[SELECT] [ ] ID[Result] ,[,] [ ] ID[ErrorMsg] [ ] FROM[FROM] [ ] ID[AD_PInstance] [ ] WHERE[WHERE] [ ] ID[AD_PInstance_ID] =[=] ?[?] EOF[] 
SELECT[SELECT] [ ] ID[AD_Reference_ID] ,[,] ID[Name] ,[,] ID[ValidationType] ,[,] ID[IsActive] [ ] FROM[FROM] [ ] ID[AD_Reference] [ ] WHERE[WHERE] [ ] ID[Name] [ ] LIKE[LIKE] [ ] ?[?] EOF[] 
SELECT[SELECT] [ ] *[*] [ ] FROM[FROM] [ ] ID[AD_Element] [ ] ID[e] [ ] WHERE[WHERE] [ ] ID[EXISTS] [ ] ([(] SELECT[SELECT] [ ] *[*] [ ] FROM[FROM] [ ] ID[AD_Column] [ ] ID[c] [ ] EOF[] 
SELECT[SELECT] [ ] *[*] [ ] FROM[FROM] [ ] ID[AD_TreeNodeCMT] [ ] WHERE[WHERE] [ ] ID[AD_Tree_ID] =[=] ?[?] [ ] AND[AND] [ ] ID[Node_ID] =[=] ?[?] EOF[] 
SELECT[SELECT] [ ] *[*] [ ] FROM[FROM] [ ] ID[C_AcctSchema_Element] [ ] WHERE[WHERE] [ ] ID[C_AcctSchema_ID] =[=] ?[?] [ ] AND[AND] [ ] ID[IsActive] =[=] STRING_SQ['Y'] [ ] ORDER[ORDER] [ ] BY[BY] [ ] ID[SeqNo] EOF[] 
SELECT[SELECT] [ ] ID[AD_Tree_ID] ,[,] [ ] ID[Name] [ ] FROM[FROM] [ ] ID[AD_Tree] [ ] WHERE[WHERE] [ ] ID[AD_Client_ID] [ ] IN[IN] ([(] ?[?] ,[,] [ ] NUMBER[0] )[)] [ ] AND[AND] [ ] ID[AD_Table_ID] =[=] ?[?] [ ] AND[AND] [ ] ID[IsActive] =[=] STRING_SQ['Y'] [ ] AND[AND] [ ] ID[IsAllNodes] =[=] STRING_SQ['Y'] [ ] EOF[] 
SELECT[SELECT] [ ] DISTINCT[DISTINCT] [ ] ID[w] .[.] ID[AD_Window_ID] ,[,] [ ] ID[w] .[.] ID[Name] ,[,] [ ] ID[tt] .[.] ID[WhereClause] ,[,] [ ] ID[t] .[.] ID[TableName] ,[,] [ ] ID[wp] .[.] ID[AD_Window_ID] ,[,] [ ] ID[wp] .[.] ID[Name] ,[,] [ ] ID[ws] .[.] ID[AD_Window_ID] ,[,] [ ] ID[ws] .[.] ID[Name] [ ] INNER[INNER] [ ] JOIN[JOIN] [ ] ID[AD_Window] [ ] ID[w] [ ] ON[ON] [ ] ([(] ID[tt] .[.] ID[AD_Window_ID] =[=] ID[w] .[.] ID[AD_Window_ID] )[)] [ ] LEFT[LEFT] [ ] OUTER[OUTER] [ ] JOIN[JOIN] [ ] ID[AD_Window] [ ] ID[ws] [ ] ON[ON] [ ] ([(] ID[t] .[.] ID[AD_Window_ID] =[=] ID[ws] .[.] ID[AD_Window_ID] )[)] [ ] LEFT[LEFT] [ ] OUTER[OUTER] [ ] JOIN[JOIN] [ ] ID[AD_Window] [ ] ID[wp] [ ] ON[ON] [ ] ([(] ID[t] .[.] ID[PO_Window_ID] =[=] ID[wp] .[.] ID[AD_Window_ID] )[)] WHERE[WHERE] [ ] ID[t] .[.] ID[TableName] [ ] =[=] [ ] ?[?] [ ] AND[AND] [ ] ID[w] .[.] ID[AD_Window_ID] [ ] NE[<>] [ ] ?[?] EOF[] 
SELECT[SELECT] [ ] ID[Value] [ ] FROM[FROM] [ ] ID[AD_Client] [ ] WHERE[WHERE] [ ] ID[IsActive] =[=] STRING_SQ['Y'] [ ] ORDER[ORDER] [ ] BY[BY] [ ] ID[AD_Client_ID] [ ] DESC[DESC] EOF[] 
SELECT[SELECT] [ ] ID[c] .[.] ID[ColumnName] [ ] FROM[FROM] [ ] ID[AD_Column] [ ] ID[c] [ ] INNER[INNER] [ ] JOIN[JOIN] [ ] ID[AD_Table] [ ] ID[t] [ ] ON[ON] [ ] ([(] ID[c] .[.] ID[AD_Table_ID] =[=] ID[t] .[.] ID[AD_Table_ID] )[)] [ ] EOF[] 
SELECT[SELECT] [ ] *[*] [ ] FROM[FROM] [ ] ID[AD_Sequence] [ ] WHERE[WHERE] [ ] ID[UPPER] ([(] ID[Name] )[)] =[=] ?[?] EOF[] 
SELECT[SELECT] [ ] *[*] [ ] FROM[FROM] [ ] ID[AD_UserPreference] [ ] WHERE[WHERE] [ ] ID[AD_User_ID] =[=] ?[?] EOF[] 
SELECT[SELECT] [ ] *[*] [ ] FROM[FROM] [ ] ID[C_DocType] [ ] WHERE[WHERE] [ ] ID[AD_Client_ID] =[=] ?[?] [ ] AND[AND] [ ] ID[DocBaseType] =[=] ?[?] [ ] AND[AND] [ ] ID[IsActive] =[=] STRING_SQ['Y'] EOF[] 
SELECT[SELECT] [ ] *[*] [ ] FROM[FROM] [ ] ID[AD_Private_Access] [ ] WHERE[WHERE] [ ] ID[AD_User_ID] =[=] ?[?] [ ] AND[AND] [ ] ID[AD_Table_ID] =[=] ?[?] [ ] AND[AND] [ ] ID[Record_ID] =[=] ?[?] EOF[] 
SELECT[SELECT] [ ] ID[refC] .[.] ID[ColumnName] ,[,] [ ] ID[refC] .[.] ID[AD_Table_ID] [ ] FROM[FROM] [ ] ID[AD_Column] [ ] ID[refC] EOF[] 
SELECT[SELECT] [ ] ID[AD_User_ID] [ ] FROM[FROM] [ ] ID[AD_User] [ ] WHERE[WHERE] [ ] ID[UPPER] ([(] ID[EMail] )[)] =[=] ?[?] EOF[] 
SELECT[SELECT] [ ] ID[AD_Form_ID] ,[,] [ ] ID[IsReadWrite] [ ] FROM[FROM] [ ] ID[AD_Form_Access] [ ] WHERE[WHERE] [ ] ID[AD_Role_ID] =[=] ?[?] [ ] AND[AND] [ ] ID[IsActive] =[=] STRING_SQ['Y'] EOF[] 
SELECT[SELECT] [ ] *[*] [ ] FROM[FROM] [ ] ID[M_Product] EOF[] 
SELECT[SELECT] [ ] ID[Name] [ ] FROM[FROM] [ ] ID[AD_Reference] [ ] WHERE[WHERE] [ ] ID[AD_Reference_ID] =[=] ?[?] EOF[] 
SELECT[SELECT] [ ] ID[TableName] [ ] FROM[FROM] [ ] ID[AD_Table] [ ] WHERE[WHERE] [ ] ID[TableName] [ ] LIKE[LIKE] [ ] STRING_SQ['%_Trl'] [ ] ORDER[ORDER] [ ] BY[BY] [ ] NUMBER[1] EOF[] 
SELECT[SELECT] [ ] ID[Record_ID] [ ] FROM[FROM] [ ] ID[AD_Private_Access] [ ] WHERE[WHERE] [ ] ID[AD_Table_ID] =[=] ?[?] [ ] AND[AND] [ ] ID[AD_User_ID] NE[<>] ?[?] [ ] AND[AND] [ ] ID[IsActive] =[=] STRING_SQ['Y'] EOF[] 
SELECT[SELECT] [ ] *[*] [ ] FROM[FROM] [ ] ID[AD_OrgInfo] [ ] WHERE[WHERE] [ ] ID[AD_Org_ID] =[=] ?[?] EOF[] 
SELECT[SELECT] [ ] ID[TableName] ,[,] [ ] ID[AccessLevel] ,[,] [ ] ID[EntityType] ,[,] [ ] ([(] SELECT[SELECT] [ ] ID[MAX] ([(] ID[Updated] )[)] [ ] FROM[FROM] [ ] ID[AD_Column] [ ] ID[c] [ ] WHERE[WHERE] [ ] ID[t] .[.] ID[AD_Table_ID] =[=] ID[c] .[.] ID[AD_Table_ID] )[)] ,[,] [ ] ID[Updated] [ ] EOF[] 
SELECT[SELECT] [ ] *[*] [ ] FROM[FROM] [ ] ID[R_IssueUser] [ ] WHERE[WHERE] [ ] ID[UserName] =[=] ?[?] EOF[] 
SELECT[SELECT] [ ] *[*] [ ] FROM[FROM] [ ] ID[AD_Process] [ ] ID[p] [ ] WHERE[WHERE] [ ] ID[EXISTS] [ ] ([(] SELECT[SELECT] [ ] *[*] [ ] FROM[FROM] [ ] ID[AD_Menu] [ ] ID[m] [ ] EOF[] 
SELECT[SELECT] [ ] ID[AD_Window_ID] ,[,] [ ] ID[IsReadWrite] [ ] FROM[FROM] [ ] ID[AD_Window_Access] [ ] WHERE[WHERE] [ ] ID[AD_Role_ID] =[=] ?[?] [ ] AND[AND] [ ] ID[IsActive] =[=] STRING_SQ['Y'] EOF[] 
SELECT[SELECT] [ ] *[*] [ ] FROM[FROM] [ ] ID[AD_Attachment] [ ] WHERE[WHERE] [ ] ID[AD_Table_ID] =[=] ?[?] [ ] AND[AND] [ ] ID[Record_ID] =[=] ?[?] EOF[] 
SELECT[SELECT] [ ] ID[CREATED] [ ] FROM[FROM] [ ] ID[AD_Session] [ ] EOF[] 
SELECT[SELECT] [ ] *[*] [ ] FROM[FROM] [ ] ID[AD_Role_OrgAccess] [ ] WHERE[WHERE] [ ] ID[AD_Role_ID] =[=] ?[?] [ ] AND[AND] [ ] ID[IsActive] =[=] STRING_SQ['Y'] EOF[] 
SELECT[SELECT] [ ] ID[C_AcctSchema_ID] [ ] FROM[FROM] [ ] ID[C_AcctSchema] [ ] ID[acs] [ ] WHERE[WHERE] [ ] ID[IsActive] =[=] STRING_SQ['Y'] [ ] AND[AND] [ ] ID[AD_Client_ID] =[=] ?[?] [ ] ORDER[ORDER] [ ] BY[BY] [ ] ID[C_AcctSchema_ID] EOF[] 
SELECT[SELECT] [ ] ID[AD_User_ID] ,[,] [ ] ID[AD_Client_ID] [ ] FROM[FROM] [ ] ID[AD_PInstance] [ ] WHERE[WHERE] [ ] ID[AD_PInstance_ID] =[=] ?[?] EOF[] 
SELECT[SELECT] [ ] *[*] [ ] FROM[FROM] [ ] ID[AD_User] [ ] ID[u] [ ] WHERE[WHERE] [ ] ID[u] .[.] ID[IsActive] =[=] STRING_SQ['Y'] EOF[] 
SELECT[SELECT] [ ] *[*] [ ] FROM[FROM] [ ] ID[R_IssueSystem] [ ] WHERE[WHERE] [ ] ID[DBAddress] =[=] ?[?] EOF[] 
SELECT[SELECT] [ ] *[*] [ ] FROM[FROM] [ ] ID[AD_Sequence] [ ] WHERE[WHERE] [ ] ID[IsTableID] =[=] STRING_SQ['Y'] [ ] EOF[] 
SELECT[SELECT] [ ] *[*] [ ] FROM[FROM] [ ] ID[M_Locator] [ ] WHERE[WHERE] [ ] ID[M_Warehouse_ID] =[=] ?[?] [ ] ORDER[ORDER] [ ] BY[BY] [ ] ID[X] ,[,] ID[Y] ,[,] ID[Z] EOF[] 
SELECT[SELECT] [ ] ID[ColumnName] [ ] FROM[FROM] [ ] ID[AD_Element] [ ] WHERE[WHERE] [ ] ID[UPPER] ([(] ID[ColumnName] )[)] =[=] ?[?] EOF[] 
SELECT[SELECT] [ ] *[*] [ ] FROM[FROM] [ ] ID[AD_Ref_List] [ ] WHERE[WHERE] [ ] ID[AD_Reference_ID] =[=] ?[?] [ ] AND[AND] [ ] ID[Value] =[=] ?[?] EOF[] 
SELECT[SELECT] [ ] *[*] [ ] FROM[FROM] [ ] ID[AD_Tab] [ ] WHERE[WHERE] [ ] ID[AD_Window_ID] =[=] ?[?] [ ] ORDER[ORDER] [ ] BY[BY] [ ] ID[SeqNo] EOF[] 
SELECT[SELECT] [ ] ID[cc] .[.] ID[ColumnName] [ ] FROM[FROM] [ ] ID[AD_Column] [ ] ID[c] EOF[] 
SELECT[SELECT] [ ] ID[M_Product_Category_ID] [ ] FROM[FROM] [ ] ID[M_Product_Category_Acct] [ ] WHERE[WHERE] [ ] ID[AD_Client_ID] =[=] ?[?] [ ] AND[AND] [ ] ID[CostingMethod] =[=] ?[?] EOF[] 
SELECT[SELECT] [ ] ID[MultiplyRate] [ ] FROM[FROM] [ ] ID[C_Conversion_Rate] [ ] EOF[] 
SELECT[SELECT] [ ] ID[ElementType] [ ] FROM[FROM] [ ] ID[C_AcctSchema_Element] [ ] EOF[] 
SELECT[SELECT] [ ] *[*] [ ] FROM[FROM] [ ] ID[AD_TreeNodeCMS] [ ] WHERE[WHERE] [ ] ID[AD_Tree_ID] =[=] ?[?] [ ] AND[AND] [ ] ID[Node_ID] =[=] ?[?] EOF[] 
SELECT[SELECT] [ ] ID[Value] ,[,] [ ] ID[Name] [ ] FROM[FROM] [ ] ID[AD_Ref_List] [ ] WHERE[WHERE] [ ] ID[AD_Reference_ID] =[=] ?[?] EOF[] 
SELECT[SELECT] [ ] ID[ColumnName] ,[,] [ ] ID[f] .[.] ID[AD_Field_ID] [ ] FROM[FROM] [ ] ID[AD_Field] [ ] ID[f] EOF[] 
SELECT[SELECT] [ ] ID[CurrentNext] ,[,] [ ] ID[CurrentNextSys] ,[,] [ ] ID[IncrementNo] ,[,] [ ] ID[Prefix] ,[,] [ ] ID[Suffix] ,[,] [ ] ID[AD_Client_ID] ,[,] [ ] ID[AD_Sequence_ID] [ ] FROM[FROM] [ ] ID[AD_Sequence] [ ] EOF[] 
SELECT[SELECT] [ ] ID[p] .[.] ID[ParameterName] ,[,] [ ] ID[p] .[.] ID[P_String] ,[,] ID[p] .[.] ID[P_String_To] ,[,] [ ] ID[p] .[.] ID[P_Number] ,[,] ID[p] .[.] ID[P_Number_To] ,[,] EOF[] 
SELECT[SELECT] [ ] *[*] [ ] FROM[FROM] [ ] ID[C_DocBaseType] [ ] WHERE[WHERE] [ ] ID[IsActive] =[=] STRING_SQ['Y'] EOF[] 
SELECT[SELECT] [ ] ID[t] .[.] ID[TableName] ,[,] ID[c] .[.] ID[ColumnName] ,[,] [ ] ID[t] .[.] ID[AD_Table_ID] [ ] FROM[FROM] [ ] ID[AD_Table] [ ] ID[t] [ ] INNER[INNER] [ ] JOIN[JOIN] [ ] ID[AD_Column] [ ] ID[c] [ ] ON[ON] [ ] ([(] ID[t] .[.] ID[AD_Table_ID] =[=] ID[c] .[.] ID[AD_Table_ID] )[)] [ ] EOF[] 
SELECT[SELECT] [ ] ID[AD_Task_ID] ,[,] [ ] ID[IsReadWrite] [ ] FROM[FROM] [ ] ID[AD_Task_Access] [ ] WHERE[WHERE] [ ] ID[AD_Role_ID] =[=] ?[?] [ ] AND[AND] [ ] ID[IsActive] =[=] STRING_SQ['Y'] EOF[] 
SELECT[SELECT] [ ] *[*] [ ] FROM[FROM] [ ] ID[AD_TreeNodeCMC] [ ] WHERE[WHERE] [ ] ID[AD_Tree_ID] =[=] ?[?] [ ] AND[AND] [ ] ID[Node_ID] =[=] ?[?] EOF[] 
SELECT[SELECT] [ ] ID[EMail] [ ] FROM[FROM] [ ] ID[AD_User] [ ] WHERE[WHERE] [ ] ID[AD_User_ID] =[=] ?[?] [ ] AND[AND] [ ] ID[IsActive] =[=] STRING_SQ['Y'] [ ] AND[AND] [ ] ID[AD_Client_ID] =[=] ?[?] EOF[] 
SELECT[SELECT] [ ] DISTINCT[DISTINCT] [ ] ID[w] .[.] ID[AD_Window_ID] ,[,] [ ] ID[w] .[.] ID[Name] ,[,] [ ] ID[tt] .[.] ID[WhereClause] ,[,] [ ] ID[t] .[.] ID[TableName] ,[,] [ ] ID[wp] .[.] ID[AD_Window_ID] ,[,] [ ] ID[wp] .[.] ID[Name] ,[,] [ ] ID[ws] .[.] ID[AD_Window_ID] ,[,] [ ] ID[ws] .[.] ID[Name] [ ] INNER[INNER] [ ] JOIN[JOIN] [ ] ID[AD_Window_Trl] [ ] ID[w] [ ] ON[ON] [ ] ([(] ID[tt] .[.] ID[AD_Window_ID] =[=] ID[w] .[.] ID[AD_Window_ID] [ ] AND[AND] [ ] ID[w] .[.] ID[AD_Language] =[=] ?[?] )[)] [ ] LEFT[LEFT] [ ] OUTER[OUTER] [ ] JOIN[JOIN] [ ] ID[AD_Window_Trl] [ ] ID[ws] [ ] ON[ON] [ ] ([(] ID[t] .[.] ID[AD_Window_ID] =[=] ID[ws] .[.] ID[AD_Window_ID] [ ] AND[AND] [ ] ID[ws] .[.] ID[AD_Language] =[=] ?[?] )[)] [ ] LEFT[LEFT] [ ] OUTER[OUTER] [ ] JOIN[JOIN] [ ] ID[AD_Window_Trl] [ ] ID[wp] [ ] ON[ON] [ ] ([(] ID[t] .[.] ID[PO_Window_ID] =[=] ID[wp] .[.] ID[AD_Window_ID] [ ] AND[AND] [ ] ID[wp] .[.] ID[AD_Language] =[=] ?[?] )[)] WHERE[WHERE] [ ] ID[t] .[.] ID[TableName] [ ] =[=] [ ] ?[?] [ ] AND[AND] [ ] ID[w] .[.] ID[AD_Window_ID] [ ] NE[<>] [ ] ?[?] EOF[] 
SELECT[SELECT] [ ] *[*] [ ] FROM[FROM] [ ] ID[AD_TreeNodeCMM] [ ] WHERE[WHERE] [ ] ID[AD_Tree_ID] =[=] ?[?] [ ] ORDER[ORDER] [ ] BY[BY] [ ] ID[Node_ID] EOF[] 
SELECT[SELECT] [ ] ID[AD_Window_ID] ,[,] [ ] ID[IsSOTrx] ,[,] [ ] ID[IsReadOnly] [ ] FROM[FROM] [ ] ID[AD_Menu] [ ] WHERE[WHERE] [ ] ID[AD_Menu_ID] =[=] ?[?] [ ] AND[AND] [ ] ID[Action] =[=] STRING_SQ['W'] EOF[] 
SELECT[SELECT] [ ] ID[TableName] [ ] FROM[FROM] [ ] ID[AD_Table] [ ] WHERE[WHERE] [ ] ID[AD_Table_ID] =[=] ?[?] EOF[] 
SELECT[SELECT] [ ] *[*] [ ] FROM[FROM] [ ] ID[AD_Version] [ ] WHERE[WHERE] [ ] ID[EntityType] =[=] ?[?] [ ] AND[AND] [ ] ID[Value] [ ] ID[BETWEEN] [ ] ?[?] [ ] AND[AND] [ ] ?[?] [ ] ORDER[ORDER] [ ] BY[BY] [ ] ID[Value] EOF[] 
SELECT[SELECT] [ ] ID[AD_Table_ID] ,[,] [ ] ID[AccessLevel] ,[,] [ ] ID[TableName] [ ] FROM[FROM] [ ] ID[AD_Table] [ ] WHERE[WHERE] [ ] ID[IsActive] =[=] STRING_SQ['Y'] EOF[] 
SELECT[SELECT] [ ] ID[t] .[.] ID[TableName] ,[,] [ ] ID[c] .[.] ID[ColumnName] [ ] FROM[FROM] [ ] ID[AD_Column] [ ] ID[c] [ ] EOF[] 
SELECT[SELECT] [ ] ID[ip] .[.] ID[ParameterName] ,[,] ID[ip] .[.] ID[P_String] ,[,] ID[ip] .[.] ID[P_String_To] ,[,] ID[ip] .[.] ID[P_Number] ,[,] ID[ip] .[.] ID[P_Number_To] ,[,] EOF[] 
SELECT[SELECT] [ ] ID[t] .[.] ID[Name] ,[,] [ ] ID[t] .[.] ID[PO_Name] [ ] FROM[FROM] [ ] ID[AD_Element_Trl] [ ] ID[t] ,[,] [ ] ID[AD_Element] [ ] ID[e] [ ] WHERE[WHERE] [ ] ID[t] .[.] ID[AD_Element_ID] =[=] ID[e] .[.] ID[AD_Element_ID] [ ] AND[AND] [ ] ID[UPPER] ([(] ID[e] .[.] ID[ColumnName] )[)] =[=] ?[?] [ ] EOF[] 
SELECT[SELECT] [ ] ID[Name] [ ] FROM[FROM] [ ] ID[AD_User] [ ] WHERE[WHERE] [ ] ID[AD_User_ID] =[=] ?[?] EOF[] 
SELECT[SELECT] [ ] *[*] [ ] FROM[FROM] [ ] ID[AD_EntityType] [ ] WHERE[WHERE] [ ] ID[IsActive] =[=] STRING_SQ['Y'] [ ] ORDER[ORDER] [ ] BY[BY] [ ] ID[AD_EntityType_ID] EOF[] 
SELECT[SELECT] [ ] ID[t] .[.] ID[AD_Table_ID] [ ] FROM[FROM] [ ] ID[AD_Table] [ ] ID[t] [ ] WHERE[WHERE] [ ] ID[t] .[.] ID[IsChangeLog] =[=] STRING_SQ['Y'] EOF[] 
SELECT[SELECT] [ ] *[*] [ ] FROM[FROM] [ ] ID[AD_System] [ ] ORDER[ORDER] [ ] BY[BY] [ ] ID[AD_System_ID] EOF[] 
SELECT[SELECT] [ ] *[*] [ ] FROM[FROM] [ ] ID[AD_PInstance_Log] [ ] WHERE[WHERE] [ ] ID[AD_PInstance_ID] =[=] ?[?] [ ] ORDER[ORDER] [ ] BY[BY] [ ] ID[Log_ID] EOF[] 
SELECT[SELECT] [ ] ID[AD_Window_ID] ,[,] [ ] ID[IsReadOnly] [ ] FROM[FROM] [ ] ID[AD_Menu] [ ] WHERE[WHERE] [ ] ID[AD_Menu_ID] =[=] ?[?] [ ] AND[AND] [ ] ID[Action] =[=] STRING_SQ['W'] EOF[] 
SELECT[SELECT] [ ] ID[count] ([(] *[*] )[)] [ ] FROM[from] [ ] ID[X_Test] EOF[] 
SELECT[SELECT] [ ] ID[e] .[.] ID[ColumnName] ,[,] [ ] ID[e] .[.] ID[Name] ,[,] [ ] ID[c] .[.] ID[AD_Reference_ID] ,[,] [ ] ID[c] .[.] ID[AD_Reference_Value_ID] [ ] FROM[FROM] [ ] ID[AD_Element] [ ] ID[e] [ ] EOF[] 
SELECT[SELECT] [ ] ID[AD_Process_ID] [ ] FROM[FROM] [ ] ID[AD_Process] [ ] ID[p] [ ] WHERE[WHERE] [ ] ID[p] .[.] ID[Value] [ ] LIKE[LIKE] [ ] ?[?] EOF[] 
SELECT[SELECT] [ ] ID[Name] ,[,] [ ] ID[PO_Name] [ ] FROM[FROM] [ ] ID[AD_Element] [ ] WHERE[WHERE] [ ] ID[UPPER] ([(] ID[ColumnName] )[)] =[=] ?[?] EOF[] 
SELECT[SELECT] [ ] *[*] [ ] FROM[FROM] [ ] ID[AD_User_Roles] [ ] WHERE[WHERE] [ ] ID[AD_Role_ID] =[=] ?[?] EOF[] 
SELECT[SELECT] [ ] DISTINCT[DISTINCT] [ ] ID[AD_Language] [ ] FROM[FROM] [ ] ID[AD_Message_Trl] EOF[] 
SELECT[SELECT] [ ] *[*] [ ] FROM[FROM] [ ] ID[AD_Org] [ ] WHERE[WHERE] [ ] ID[AD_Client_ID] =[=] ?[?] [ ] ORDER[ORDER] [ ] BY[BY] [ ] ID[Value] EOF[] 
SELECT[SELECT] [ ] *[*] [ ] FROM[FROM] [ ] ID[AD_User] [ ] WHERE[WHERE] [ ] ID[C_BPartner_ID] =[=] ?[?] [ ] AND[AND] [ ] ID[IsActive] =[=] STRING_SQ['Y'] EOF[] 
SELECT[SELECT] [ ] ID[search_condition] ,[,] [ ] ID[constraint_name] [ ] FROM[FROM] [ ] ID[user_constraints] [ ] EOF[] 
SELECT[SELECT] [ ] *[*] [ ] FROM[FROM] [ ] ID[AD_ClientInfo] [ ] WHERE[WHERE] [ ] ID[AD_Client_ID] =[=] ?[?] EOF[] 
SELECT[SELECT] [ ] ID[W_Store_ID] [ ] FROM[FROM] [ ] ID[W_Store] [ ] WHERE[WHERE] [ ] ID[AD_Role_ID] =[=] ?[?] EOF[] 
SELECT[SELECT] [ ] *[*] [ ] FROM[FROM] [ ] ID[AD_Element] [ ] WHERE[WHERE] [ ] ID[UPPER] ([(] ID[ColumnName] )[)] =[=] ?[?] EOF[] 
SELECT[SELECT] [ ] ID[TableName] [ ] FROM[FROM] [ ] ID[AD_Table] [ ] ID[t] [ ] EOF[] 
SELECT[SELECT] [ ] *[*] [ ] FROM[FROM] [ ] ID[AD_User_OrgAccess] [ ] WHERE[WHERE] [ ] ID[AD_User_ID] =[=] ?[?] [ ] AND[AND] [ ] ID[IsActive] =[=] STRING_SQ['Y'] EOF[] 
SELECT[SELECT] [ ] ID[COUNT] ([(] *[*] )[)] [ ] FROM[FROM] [ ] ID[AD_User_Roles] [ ] ID[ur] [ ] WHERE[WHERE] [ ] ID[ur] .[.] ID[AD_User_ID] =[=] ?[?] [ ] AND[AND] [ ] ID[ur] .[.] ID[IsActive] =[=] STRING_SQ['Y'] EOF[] 
SELECT[SELECT] [ ] DISTINCT[DISTINCT] [ ] ID[TreeType] ,[,] [ ] ID[AD_Table_ID] [ ] FROM[FROM] [ ] ID[AD_Tree] EOF[] 
SELECT[SELECT] [ ] *[*] [ ] FROM[FROM] [ ] ID[C_Currency_Acct] [ ] WHERE[WHERE] [ ] ID[C_AcctSchema_ID] =[=] ?[?] [ ] AND[AND] [ ] ID[C_Currency_ID] =[=] ?[?] EOF[] 
SELECT[SELECT] [ ] *[*] [ ] FROM[FROM] [ ] ID[AD_Column_Access] [ ] WHERE[WHERE] [ ] ID[AD_Role_ID] =[=] ?[?] [ ] AND[AND] [ ] ID[IsActive] =[=] STRING_SQ['Y'] EOF[] 
SELECT[SELECT] [ ] ID[TableName] ,[,] [ ] ID[AD_Window_ID] ,[,] [ ] ID[PO_Window_ID] [ ] FROM[FROM] [ ] ID[AD_Table] [ ] WHERE[WHERE] [ ] ID[AD_Table_ID] =[=] ?[?] EOF[] 
SELECT[SELECT] [ ] *[*] [ ] FROM[FROM] [ ] ID[AD_UserQuery] [ ] WHERE[WHERE] [ ] ID[AD_Client_ID] =[=] ?[?] [ ] AND[AND] [ ] ID[AD_Tab_ID] =[=] ?[?] [ ] AND[AND] [ ] ID[UPPER] ([(] ID[Name] )[)] [ ] LIKE[LIKE] [ ] ?[?] [ ] AND[AND] [ ] ID[IsActive] =[=] STRING_SQ['Y'] [ ] EOF[] 
SELECT[SELECT] [ ] ID[Name] [ ] FROM[FROM] [ ] ID[AD_UserQuery] [ ] WHERE[WHERE] [ ] ID[AD_User_ID] =[=] ?[?] [ ] AND[AND] [ ] ID[AD_Tab_ID] =[=] ?[?] [ ] AND[AND] [ ] ID[IsActive] =[=] STRING_SQ['Y'] [ ] EOF[] 
SELECT[SELECT] [ ] *[*] [ ] FROM[FROM] [ ] ID[AD_System] EOF[] 
SELECT[SELECT] [ ] ID[GRANTOR] ,[,] ID[GRANTEE] ,[,] ID[DBADMAUTH] [ ] FROM[FROM] [ ] ID[SYSCAT] .[.] ID[DBAUTH] EOF[] 
SELECT[SELECT] [ ] ID[CurrentNext] ,[,] [ ] ID[CurrentNextSys] ,[,] [ ] ID[IncrementNo] ,[,] [ ] ID[Prefix] ,[,] [ ] ID[Suffix] ,[,] [ ] ID[AD_Sequence_ID] [ ] FROM[FROM] [ ] ID[AD_Sequence] [  ] ORDER[ORDER] [ ] BY[BY] [ ] ID[AD_Client_ID] [ ] DESC[DESC] [ ] ID[FOR] [ ] ID[UPDATE] EOF[] 
SELECT[SELECT] [ ] *[*] [ ] FROM[FROM] [ ] ID[AD_Role] [ ] ID[r] [ ] WHERE[WHERE] [ ] ID[r] .[.] ID[IsActive] =[=] STRING_SQ['Y'] EOF[] 
SELECT[SELECT] [ ] ID[AD_Table_ID] [ ] FROM[FROM] [ ] ID[AD_Table] [ ] WHERE[WHERE] [ ] ID[upper] ([(] ID[TableName] )[)] [ ] =[=] [ ] ?[?] EOF[] 
SELECT[SELECT] [ ] ID[COUNT] ([(] *[*] )[)] [ ] FROM[FROM] [ ] ID[AD_PInstance_Para] [ ] WHERE[WHERE] [ ] ID[AD_PInstance_ID] =[=] ?[?] EOF[] 
SELECT[SELECT] [ ] ID[Name] [ ] FROM[FROM] [ ] ID[AD_UserQuery] [ ] WHERE[WHERE] [ ] ID[AD_Client_ID] =[=] ?[?] [ ] AND[AND] [ ] ID[AD_Tab_ID] =[=] ?[?] [ ] AND[AND] [ ] ID[IsActive] =[=] STRING_SQ['Y'] [ ] EOF[] 
SELECT[SELECT] [ ] *[*] [ ] FROM[FROM] [ ] ID[AD_User_Roles] [ ] WHERE[WHERE] [ ] ID[AD_User_ID] =[=] ?[?] EOF[] 
SELECT[SELECT] [ ] *[*] [ ] FROM[FROM] [ ] ID[AD_UserQuery] [ ] WHERE[WHERE] [ ] ID[AD_User_ID] =[=] ?[?] [ ] AND[AND] [ ] ID[AD_Tab_ID] =[=] ?[?] [ ] AND[AND] [ ] ID[UPPER] ([(] ID[Name] )[)] [ ] LIKE[LIKE] [ ] ?[?] [ ] AND[AND] [ ] ID[IsActive] =[=] STRING_SQ['Y'] [ ] EOF[] 
SELECT[SELECT] [ ] *[*] [ ] FROM[FROM] [ ] ID[AD_User] [ ] WHERE[WHERE] [ ] ID[Name] =[=] ?[?] [ ] AND[AND] [ ] ID[Password] =[=] ?[?] [ ] AND[AND] [ ] ID[IsActive] =[=] STRING_SQ['Y'] [ ] AND[AND] [ ] ID[AD_Client_ID] =[=] ?[?] EOF[] 
SELECT[SELECT] [ ] *[*] [ ] FROM[FROM] [ ] ID[C_Location] [ ] ID[l] [ ] WHERE[WHERE] [ ] ID[C_Location_ID] [ ] IN[IN] [ ] ([(] SELECT[SELECT] [ ] ID[C_Location_ID] [ ] FROM[FROM] [ ] ID[C_BPartner_Location] [ ] WHERE[WHERE] [ ] ID[C_BPartner_Location_ID] =[=] ?[?] )[)] EOF[] 
SELECT[SELECT] [ ] DISTINCT[DISTINCT] [ ] ID[AD_Window_ID] ,[,] [ ] ID[PO_Window_ID] [ ] FROM[FROM] [ ] ID[AD_Table] [ ] ID[t] [ ] EOF[] 
SELECT[SELECT] [ ] *[*] [ ] FROM[FROM] [ ] ID[AD_AssignCriteria] [ ] WHERE[WHERE] [ ] ID[AD_AssignTarget_ID] =[=] ?[?] [ ] ORDER[ORDER] [ ] BY[BY] [ ] ID[SeqNo] EOF[] 
SELECT[SELECT] [ ] ID[Description] [ ] FROM[FROM] [ ] ID[M_AttributeSetInstance] [ ] EOF[] 
SELECT[SELECT] [ ] *[*] [ ] FROM[FROM] [ ] ID[AD_MigrationStep] [ ] WHERE[WHERE] [ ] ID[AD_Version_ID] =[=] ?[?] [ ] ORDER[ORDER] [ ] BY[BY] [ ] ID[TimingType] ,[,] [ ] ID[SeqNo] EOF[] 
SELECT[SELECT] [ ] *[*] [ ] FROM[FROM] [ ] ID[AD_Element] [ ] ID[e] [ ] WHERE[WHERE] [ ] ID[e] .[.] ID[columnName] [ ] =[=] [ ] ?[?] [ ] EOF[] 
SELECT[SELECT] [ ] *[*] [ ] FROM[FROM] [ ] ID[AD_UserDef_Win] [ ] WHERE[WHERE] [ ] ID[AD_Window_ID] =[=] ?[?] [ ] AND[AND] [ ] ID[IsSystemDefault] =[=] STRING_SQ['Y'] EOF[] 
SELECT[SELECT] [ ] *[*] [ ] FROM[FROM] [ ] ID[M_CostElement] [ ] WHERE[WHERE] [ ] ID[AD_Client_ID] =[=] ?[?] EOF[] 
