SQL syntax checker: Syntax error. Most likely, unfinished query, at: /sql_bus/src/ee/emt/xgate/component/address/impl/ClientAddressImpl.java:3099
SQL syntax checker: Syntax error. Most likely, unfinished query, at: /sql_bus/src/ee/emt/xgate/component/www/question/impl/FaqImpl.java:96
SQL syntax checker: Unexpected token: , at: /sql_bus/src/ee/emt/xgate/component/client/impl/ClientImpl.java:529
SQL syntax checker: Unexpected token: (, at: /sql_bus/src/ee/emt/xgate/component/www/search/documentsearch/impl/SearcherImpl.java:161
SQL syntax checker: Unexpected token: (, at: /sql_bus/src/ee/emt/xgate/component/www/search/documentsearch/impl/SearcherImpl.java:375
SQL syntax checker: Unexpected token: ., at: /sql_bus/src/ee/emt/xgate/component/services/impl/ServicesImpl.java:2975
SQL syntax checker: Unexpected token: ., at: /sql_bus/src/ee/emt/xgate/component/services/impl/ServicesImpl.java:3108
SQL syntax checker: Unexpected token: ., at: /sql_bus/src/ee/emt/xgate/component/services/impl/ServicesImpl.java:5488
SQL syntax checker: Unexpected token: ., at: /sql_bus/src/ee/emt/xgate/component/services/impl/ServicesImpl.java:6468
SQL syntax checker: Unexpected token: 1ORDER, at: /sql_bus/src/ee/emt/xgate/component/sms/impl/SmsImpl.java:1423
SQL syntax checker: Unexpected token: 1ORDER, at: /sql_bus/src/ee/emt/xgate/component/sms/impl/SmsImpl.java:1424
SQL syntax checker: Unexpected token: :=, at: /sql_bus/src/ee/emt/xgate/component/eshop/impl/OrderProcessImpl.java:95
SQL syntax checker: Unexpected token: ?, at: /sql_bus/src/ee/emt/xgate/component/numberportability/impl/NumberPortabilityFacadeImpl.java:75
SQL syntax checker: Unexpected token: ?, at: /sql_bus/src/ee/emt/xgate/component/numberportability/impl/NumberPortabilityFacadeImpl.java:77
SQL syntax checker: Unexpected token: ?, at: /sql_bus/src/ee/emt/xgate/component/numberportability/impl/NumberPortabilityFacadeImpl.java:78
SQL syntax checker: Unexpected token: ?, at: /sql_bus/src/ee/emt/xgate/component/partners/impl/PartnersFacadeImpl.java:1030
SQL syntax checker: Unexpected token: ?, at: /sql_bus/src/ee/emt/xgate/component/partners/impl/PartnersFacadeImpl.java:1120
SQL syntax checker: Unexpected token: ?, at: /sql_bus/src/ee/emt/xgate/component/partners/impl/PartnersFacadeImpl.java:991
SQL syntax checker: Unexpected token: ?, at: /sql_bus/src/ee/emt/xgate/component/pcdr/impl/PartnerCDRWriterImpl.java:80
SQL syntax checker: Unexpected token: CHAR, at: /sql_bus/src/ee/emt/xgate/component/userrequest/impl/UserRequestImpl.java:101
SQL syntax checker: Unexpected token: DATE, at: /sql_bus/src/ee/emt/xgate/component/dealgate/impl/DealgateImpl.java:810
SQL syntax checker: Unexpected token: DATE, at: /sql_bus/src/ee/emt/xgate/component/dealgate/impl/DealgateImpl.java:883
SQL syntax checker: Unexpected token: NOT, at: /sql_bus/src/ee/emt/xgate/component/services/impl/ServicesImpl.java:5765
SQL syntax checker: Unexpected token: NUMBER, at: /sql_bus/src/ee/emt/xgate/brms/creditrating/dao/impl/CreditRatingDAOImpl.java:574
SQL syntax checker: Unexpected token: NUMBER, at: /sql_bus/src/ee/emt/xgate/brms/creditrating/dao/impl/CreditRatingDAOImpl.java:862
SQL syntax checker: Unexpected token: ORDER, at: /sql_bus/src/ee/emt/xgate/component/pdfcalldistinction/impl/PdfCallDistinctionImpl.java:357
SQL syntax checker: Unexpected token: ORDER, at: /sql_bus/src/ee/emt/xgate/component/www/search/documentsearch/impl/SearcherImpl.java:56
SQL syntax checker: Unexpected token: UPPER, at: /sql_bus/src/ee/emt/xgate/component/www/search/documentsearch/impl/SearcherImpl.java:314
SQL syntax checker: Unexpected token: USER, at: /sql_bus/src/ee/emt/xgate/component/ppchange/impl/SmsTemplateImpl.java:360
SQL syntax checker: Unexpected token: VALUE, at: /sql_bus/src/ee/emt/xgate/component/prov/impl/ProvisioningServiceModuleImpl.java:1282
SQL syntax checker: Unexpected token: WHERE, at: /sql_bus/src/ee/emt/xgate/brms/creditrating/dao/impl/CreditRatingDAOImpl.java:616
SQL syntax checker: Unexpected token: b, at: /sql_bus/src/ee/emt/xgate/component/dealgate/impl/DealgateImpl.java:472
SQL syntax checker: Unexpected token: distinct, at: /sql_bus/src/ee/emt/xgate/component/marketing/dao/MarketingServiceParameterDAO.java:31
SQL syntax checker: Unexpected token: distinct, at: /sql_bus/src/ee/emt/xgate/component/marketing/dao/ServiceParameterDAO.java:32
SQL syntax checker: Unexpected token: false, at: /sql_bus/src/ee/emt/xgate/component/accounting/impl/AccountingCreateImpl.java:151
SQL syntax checker: Unexpected token: false, at: /sql_bus/src/ee/emt/xgate/component/clientinfo/impl/ClientInfoImpl.java:2531
SQL syntax checker: Unexpected token: int, at: /sql_bus/src/ee/emt/xgate/component/retail/impl/RetailImpl.java:6178
SQL syntax checker: Unexpected token: int, at: /sql_bus/src/ee/emt/xgate/component/retail/impl/RetailImpl.java:6225
SQL syntax checker: Unexpected token: null, at: /sql_bus/src/ee/emt/xgate/component/logistic/impl/LogisticImpl.java:690
SQL syntax checker: Unexpected token: null, at: /sql_bus/src/ee/emt/xgate/component/logistic/impl/LogisticImpl.java:802
SQL syntax checker: Unexpected token: null, at: /sql_bus/src/ee/emt/xgate/component/logistic/impl/LogisticImpl.java:933
SQL syntax checker: Unexpected token: number, at: /sql_bus/src/ee/emt/xgate/brms/creditrating/dao/impl/CreditRatingDAOImpl.java:250
SQL syntax checker: Unexpected token: numeric, at: /sql_bus/src/ee/emt/xgate/component/mcom/impl/McomSessionFacadeImpl.java:694
SQL syntax checker: Unexpected token: p_maac_ref_num, at: /sql_bus/src/ee/emt/xgate/brms/creditrating/dao/impl/CreditRatingDAOImpl.java:403
SQL syntax checker: Unexpected token: p_maac_ref_num, at: /sql_bus/src/ee/emt/xgate/brms/creditrating/dao/impl/CreditRatingDAOImpl.java:783
SQL syntax checker: Unexpected token: return, at: /sql_bus/src/ee/emt/xgate/component/pollerrequests/impl/PollerRequestsImpl.java:39
SQL syntax checker: Unexpected token: true, at: /sql_bus/src/ee/emt/xgate/component/invoice/impl/InvoiceImpl.java:779
SQL syntax checker: Unexpected token: user, at: /sql_bus/src/ee/emt/xgate/component/address/impl/ClientAddressImpl.java:2596
SQL syntax checker: Unexpected token: user, at: /sql_bus/src/ee/emt/xgate/component/address/impl/ClientAddressImpl.java:2612
SQL syntax checker: Unexpected token: user, at: /sql_bus/src/ee/emt/xgate/component/address/impl/ClientAddressImpl.java:2651
SQL syntax checker: Unexpected token: user, at: /sql_bus/src/ee/emt/xgate/component/address/impl/ClientAddressImpl.java:2680
SQL syntax checker: Unexpected token: user, at: /sql_bus/src/ee/emt/xgate/component/address/impl/ClientAddressImpl.java:2752
SQL syntax checker: Unexpected token: user, at: /sql_bus/src/ee/emt/xgate/component/client/impl/ClientImpl.java:4498
SQL syntax checker: Unexpected token: user, at: /sql_bus/src/ee/emt/xgate/component/client/impl/ClientImpl.java:4765
SQL syntax checker: Unexpected token: user, at: /sql_bus/src/ee/emt/xgate/component/client/impl/ClientImpl.java:4879
SQL syntax checker: Unexpected token: user, at: /sql_bus/src/ee/emt/xgate/component/ppchange/impl/SmsTemplateImpl.java:329
SQL syntax checker: Unexpected token: value, at: /sql_bus/src/ee/emt/xgate/component/dealgate/impl/DealgateImpl.java:2063
SQL syntax checker: Unexpected token: value, at: /sql_bus/src/ee/emt/xgate/component/payment/impl/PaymentImpl.java:964
